# Carte générée par l'éditeur simpliste
50 50 100
# l0
EAU
EAU
TERRAIN_LIBRE
TERRAIN_LIBRE
TERRAIN_LIBRE
TERRAIN_LIBRE
TERRAIN_LIBRE
TERRAIN_LIBRE
TERRAIN_LIBRE
TERRAIN_LIBRE
TERRAIN_LIBRE
TERRAIN_LIBRE
TERRAIN_LIBRE
TERRAIN_LIBRE
TERRAIN_LIBRE
TERRAIN_LIBRE
TERRAIN_LIBRE
TERRAIN_LIBRE
TERRAIN_LIBRE
TERRAIN_LIBRE
TERRAIN_LIBRE
TERRAIN_LIBRE
TERRAIN_LIBRE
TERRAIN_LIBRE
TERRAIN_LIBRE
TERRAIN_LIBRE
TERRAIN_LIBRE
TERRAIN_LIBRE
TERRAIN_LIBRE
TERRAIN_LIBRE
FORET
FORET
FORET
FORET
FORET
FORET
FORET
FORET
FORET
FORET
FORET
FORET
FORET
FORET
FORET
FORET
FORET
FORET
FORET
FORET
# l1
TERRAIN_LIBRE
EAU
TERRAIN_LIBRE
TERRAIN_LIBRE
TERRAIN_LIBRE
TERRAIN_LIBRE
TERRAIN_LIBRE
TERRAIN_LIBRE
TERRAIN_LIBRE
TERRAIN_LIBRE
TERRAIN_LIBRE
TERRAIN_LIBRE
TERRAIN_LIBRE
TERRAIN_LIBRE
TERRAIN_LIBRE
TERRAIN_LIBRE
TERRAIN_LIBRE
TERRAIN_LIBRE
TERRAIN_LIBRE
TERRAIN_LIBRE
TERRAIN_LIBRE
TERRAIN_LIBRE
TERRAIN_LIBRE
TERRAIN_LIBRE
TERRAIN_LIBRE
TERRAIN_LIBRE
TERRAIN_LIBRE
TERRAIN_LIBRE
TERRAIN_LIBRE
TERRAIN_LIBRE
TERRAIN_LIBRE
FORET
FORET
FORET
FORET
FORET
FORET
FORET
FORET
FORET
FORET
FORET
FORET
FORET
FORET
FORET
FORET
FORET
FORET
FORET
# l2
TERRAIN_LIBRE
EAU
EAU
TERRAIN_LIBRE
TERRAIN_LIBRE
TERRAIN_LIBRE
TERRAIN_LIBRE
TERRAIN_LIBRE
TERRAIN_LIBRE
TERRAIN_LIBRE
TERRAIN_LIBRE
TERRAIN_LIBRE
FORET
FORET
FORET
TERRAIN_LIBRE
TERRAIN_LIBRE
TERRAIN_LIBRE
TERRAIN_LIBRE
TERRAIN_LIBRE
TERRAIN_LIBRE
TERRAIN_LIBRE
TERRAIN_LIBRE
TERRAIN_LIBRE
TERRAIN_LIBRE
TERRAIN_LIBRE
TERRAIN_LIBRE
TERRAIN_LIBRE
TERRAIN_LIBRE
TERRAIN_LIBRE
TERRAIN_LIBRE
TERRAIN_LIBRE
TERRAIN_LIBRE
TERRAIN_LIBRE
FORET
FORET
FORET
FORET
FORET
FORET
FORET
FORET
FORET
FORET
FORET
FORET
FORET
FORET
FORET
FORET
# l3
TERRAIN_LIBRE
TERRAIN_LIBRE
EAU
EAU
TERRAIN_LIBRE
TERRAIN_LIBRE
TERRAIN_LIBRE
TERRAIN_LIBRE
TERRAIN_LIBRE
TERRAIN_LIBRE
TERRAIN_LIBRE
FORET
FORET
FORET
FORET
FORET
TERRAIN_LIBRE
TERRAIN_LIBRE
TERRAIN_LIBRE
TERRAIN_LIBRE
TERRAIN_LIBRE
TERRAIN_LIBRE
TERRAIN_LIBRE
TERRAIN_LIBRE
TERRAIN_LIBRE
TERRAIN_LIBRE
TERRAIN_LIBRE
TERRAIN_LIBRE
TERRAIN_LIBRE
TERRAIN_LIBRE
TERRAIN_LIBRE
TERRAIN_LIBRE
TERRAIN_LIBRE
TERRAIN_LIBRE
FORET
FORET
FORET
FORET
FORET
FORET
FORET
FORET
FORET
FORET
FORET
FORET
FORET
FORET
FORET
FORET
# l4
TERRAIN_LIBRE
TERRAIN_LIBRE
TERRAIN_LIBRE
EAU
TERRAIN_LIBRE
TERRAIN_LIBRE
TERRAIN_LIBRE
TERRAIN_LIBRE
TERRAIN_LIBRE
TERRAIN_LIBRE
FORET
FORET
FORET
FORET
FORET
FORET
FORET
TERRAIN_LIBRE
TERRAIN_LIBRE
TERRAIN_LIBRE
TERRAIN_LIBRE
TERRAIN_LIBRE
TERRAIN_LIBRE
TERRAIN_LIBRE
TERRAIN_LIBRE
TERRAIN_LIBRE
TERRAIN_LIBRE
TERRAIN_LIBRE
TERRAIN_LIBRE
TERRAIN_LIBRE
TERRAIN_LIBRE
TERRAIN_LIBRE
TERRAIN_LIBRE
TERRAIN_LIBRE
FORET
FORET
FORET
FORET
FORET
TERRAIN_LIBRE
TERRAIN_LIBRE
TERRAIN_LIBRE
FORET
FORET
FORET
FORET
FORET
FORET
FORET
FORET
# l5
TERRAIN_LIBRE
TERRAIN_LIBRE
TERRAIN_LIBRE
EAU
EAU
TERRAIN_LIBRE
TERRAIN_LIBRE
TERRAIN_LIBRE
TERRAIN_LIBRE
TERRAIN_LIBRE
FORET
FORET
TERRAIN_LIBRE
FORET
TERRAIN_LIBRE
FORET
FORET
TERRAIN_LIBRE
TERRAIN_LIBRE
TERRAIN_LIBRE
TERRAIN_LIBRE
TERRAIN_LIBRE
TERRAIN_LIBRE
TERRAIN_LIBRE
TERRAIN_LIBRE
TERRAIN_LIBRE
TERRAIN_LIBRE
TERRAIN_LIBRE
TERRAIN_LIBRE
TERRAIN_LIBRE
TERRAIN_LIBRE
TERRAIN_LIBRE
TERRAIN_LIBRE
TERRAIN_LIBRE
TERRAIN_LIBRE
TERRAIN_LIBRE
TERRAIN_LIBRE
TERRAIN_LIBRE
TERRAIN_LIBRE
TERRAIN_LIBRE
TERRAIN_LIBRE
HABITAT
HABITAT
TERRAIN_LIBRE
FORET
FORET
FORET
FORET
FORET
FORET
# l6
TERRAIN_LIBRE
TERRAIN_LIBRE
TERRAIN_LIBRE
TERRAIN_LIBRE
EAU
EAU
EAU
TERRAIN_LIBRE
TERRAIN_LIBRE
TERRAIN_LIBRE
FORET
FORET
TERRAIN_LIBRE
FORET
TERRAIN_LIBRE
FORET
FORET
TERRAIN_LIBRE
TERRAIN_LIBRE
TERRAIN_LIBRE
TERRAIN_LIBRE
TERRAIN_LIBRE
TERRAIN_LIBRE
TERRAIN_LIBRE
TERRAIN_LIBRE
TERRAIN_LIBRE
TERRAIN_LIBRE
TERRAIN_LIBRE
TERRAIN_LIBRE
TERRAIN_LIBRE
TERRAIN_LIBRE
TERRAIN_LIBRE
TERRAIN_LIBRE
TERRAIN_LIBRE
TERRAIN_LIBRE
TERRAIN_LIBRE
TERRAIN_LIBRE
TERRAIN_LIBRE
TERRAIN_LIBRE
TERRAIN_LIBRE
TERRAIN_LIBRE
HABITAT
HABITAT
HABITAT
HABITAT
TERRAIN_LIBRE
FORET
FORET
FORET
FORET
# l7
TERRAIN_LIBRE
TERRAIN_LIBRE
TERRAIN_LIBRE
TERRAIN_LIBRE
TERRAIN_LIBRE
TERRAIN_LIBRE
EAU
TERRAIN_LIBRE
TERRAIN_LIBRE
TERRAIN_LIBRE
FORET
FORET
FORET
FORET
FORET
FORET
FORET
TERRAIN_LIBRE
TERRAIN_LIBRE
TERRAIN_LIBRE
TERRAIN_LIBRE
TERRAIN_LIBRE
TERRAIN_LIBRE
TERRAIN_LIBRE
TERRAIN_LIBRE
TERRAIN_LIBRE
TERRAIN_LIBRE
TERRAIN_LIBRE
TERRAIN_LIBRE
TERRAIN_LIBRE
TERRAIN_LIBRE
TERRAIN_LIBRE
TERRAIN_LIBRE
TERRAIN_LIBRE
TERRAIN_LIBRE
TERRAIN_LIBRE
TERRAIN_LIBRE
TERRAIN_LIBRE
TERRAIN_LIBRE
TERRAIN_LIBRE
TERRAIN_LIBRE
HABITAT
HABITAT
HABITAT
HABITAT
TERRAIN_LIBRE
FORET
FORET
FORET
FORET
# l8
TERRAIN_LIBRE
TERRAIN_LIBRE
TERRAIN_LIBRE
TERRAIN_LIBRE
TERRAIN_LIBRE
TERRAIN_LIBRE
EAU
EAU
TERRAIN_LIBRE
TERRAIN_LIBRE
TERRAIN_LIBRE
TERRAIN_LIBRE
FORET
FORET
FORET
TERRAIN_LIBRE
TERRAIN_LIBRE
TERRAIN_LIBRE
TERRAIN_LIBRE
TERRAIN_LIBRE
TERRAIN_LIBRE
TERRAIN_LIBRE
TERRAIN_LIBRE
TERRAIN_LIBRE
TERRAIN_LIBRE
TERRAIN_LIBRE
TERRAIN_LIBRE
TERRAIN_LIBRE
TERRAIN_LIBRE
TERRAIN_LIBRE
TERRAIN_LIBRE
TERRAIN_LIBRE
TERRAIN_LIBRE
TERRAIN_LIBRE
TERRAIN_LIBRE
TERRAIN_LIBRE
TERRAIN_LIBRE
TERRAIN_LIBRE
TERRAIN_LIBRE
TERRAIN_LIBRE
TERRAIN_LIBRE
HABITAT
HABITAT
HABITAT
HABITAT
HABITAT
TERRAIN_LIBRE
FORET
FORET
FORET
# l9
TERRAIN_LIBRE
TERRAIN_LIBRE
TERRAIN_LIBRE
TERRAIN_LIBRE
TERRAIN_LIBRE
TERRAIN_LIBRE
TERRAIN_LIBRE
EAU
EAU
TERRAIN_LIBRE
TERRAIN_LIBRE
FORET
TERRAIN_LIBRE
TERRAIN_LIBRE
TERRAIN_LIBRE
FORET
TERRAIN_LIBRE
TERRAIN_LIBRE
TERRAIN_LIBRE
TERRAIN_LIBRE
TERRAIN_LIBRE
TERRAIN_LIBRE
EAU
EAU
EAU
EAU
EAU
TERRAIN_LIBRE
TERRAIN_LIBRE
TERRAIN_LIBRE
TERRAIN_LIBRE
TERRAIN_LIBRE
TERRAIN_LIBRE
TERRAIN_LIBRE
TERRAIN_LIBRE
TERRAIN_LIBRE
TERRAIN_LIBRE
TERRAIN_LIBRE
TERRAIN_LIBRE
TERRAIN_LIBRE
TERRAIN_LIBRE
HABITAT
HABITAT
HABITAT
HABITAT
TERRAIN_LIBRE
TERRAIN_LIBRE
FORET
FORET
FORET
# l10
TERRAIN_LIBRE
TERRAIN_LIBRE
TERRAIN_LIBRE
TERRAIN_LIBRE
TERRAIN_LIBRE
TERRAIN_LIBRE
TERRAIN_LIBRE
TERRAIN_LIBRE
EAU
TERRAIN_LIBRE
TERRAIN_LIBRE
FORET
TERRAIN_LIBRE
TERRAIN_LIBRE
TERRAIN_LIBRE
FORET
TERRAIN_LIBRE
TERRAIN_LIBRE
EAU
EAU
EAU
EAU
EAU
TERRAIN_LIBRE
TERRAIN_LIBRE
TERRAIN_LIBRE
TERRAIN_LIBRE
EAU
EAU
EAU
EAU
EAU
TERRAIN_LIBRE
TERRAIN_LIBRE
TERRAIN_LIBRE
TERRAIN_LIBRE
TERRAIN_LIBRE
TERRAIN_LIBRE
TERRAIN_LIBRE
TERRAIN_LIBRE
TERRAIN_LIBRE
HABITAT
HABITAT
HABITAT
HABITAT
HABITAT
TERRAIN_LIBRE
FORET
FORET
FORET
# l11
TERRAIN_LIBRE
TERRAIN_LIBRE
TERRAIN_LIBRE
TERRAIN_LIBRE
TERRAIN_LIBRE
TERRAIN_LIBRE
TERRAIN_LIBRE
TERRAIN_LIBRE
EAU
TERRAIN_LIBRE
FORET
TERRAIN_LIBRE
TERRAIN_LIBRE
TERRAIN_LIBRE
TERRAIN_LIBRE
TERRAIN_LIBRE
FORET
EAU
EAU
TERRAIN_LIBRE
TERRAIN_LIBRE
TERRAIN_LIBRE
TERRAIN_LIBRE
TERRAIN_LIBRE
TERRAIN_LIBRE
TERRAIN_LIBRE
TERRAIN_LIBRE
TERRAIN_LIBRE
TERRAIN_LIBRE
TERRAIN_LIBRE
TERRAIN_LIBRE
EAU
EAU
TERRAIN_LIBRE
TERRAIN_LIBRE
TERRAIN_LIBRE
TERRAIN_LIBRE
TERRAIN_LIBRE
TERRAIN_LIBRE
TERRAIN_LIBRE
TERRAIN_LIBRE
HABITAT
HABITAT
HABITAT
HABITAT
TERRAIN_LIBRE
TERRAIN_LIBRE
FORET
FORET
TERRAIN_LIBRE
# l12
TERRAIN_LIBRE
TERRAIN_LIBRE
TERRAIN_LIBRE
TERRAIN_LIBRE
TERRAIN_LIBRE
TERRAIN_LIBRE
TERRAIN_LIBRE
TERRAIN_LIBRE
EAU
TERRAIN_LIBRE
TERRAIN_LIBRE
TERRAIN_LIBRE
TERRAIN_LIBRE
TERRAIN_LIBRE
EAU
EAU
EAU
TERRAIN_LIBRE
TERRAIN_LIBRE
TERRAIN_LIBRE
TERRAIN_LIBRE
TERRAIN_LIBRE
TERRAIN_LIBRE
TERRAIN_LIBRE
TERRAIN_LIBRE
TERRAIN_LIBRE
TERRAIN_LIBRE
TERRAIN_LIBRE
TERRAIN_LIBRE
TERRAIN_LIBRE
TERRAIN_LIBRE
TERRAIN_LIBRE
EAU
EAU
EAU
TERRAIN_LIBRE
TERRAIN_LIBRE
TERRAIN_LIBRE
TERRAIN_LIBRE
TERRAIN_LIBRE
TERRAIN_LIBRE
HABITAT
HABITAT
HABITAT
HABITAT
HABITAT
TERRAIN_LIBRE
TERRAIN_LIBRE
TERRAIN_LIBRE
TERRAIN_LIBRE
# l13
TERRAIN_LIBRE
TERRAIN_LIBRE
TERRAIN_LIBRE
TERRAIN_LIBRE
TERRAIN_LIBRE
TERRAIN_LIBRE
TERRAIN_LIBRE
TERRAIN_LIBRE
EAU
TERRAIN_LIBRE
TERRAIN_LIBRE
TERRAIN_LIBRE
TERRAIN_LIBRE
TERRAIN_LIBRE
EAU
TERRAIN_LIBRE
TERRAIN_LIBRE
TERRAIN_LIBRE
TERRAIN_LIBRE
TERRAIN_LIBRE
TERRAIN_LIBRE
TERRAIN_LIBRE
TERRAIN_LIBRE
TERRAIN_LIBRE
TERRAIN_LIBRE
TERRAIN_LIBRE
TERRAIN_LIBRE
TERRAIN_LIBRE
TERRAIN_LIBRE
TERRAIN_LIBRE
TERRAIN_LIBRE
TERRAIN_LIBRE
TERRAIN_LIBRE
TERRAIN_LIBRE
EAU
EAU
TERRAIN_LIBRE
TERRAIN_LIBRE
TERRAIN_LIBRE
TERRAIN_LIBRE
TERRAIN_LIBRE
HABITAT
HABITAT
HABITAT
HABITAT
HABITAT
HABITAT
TERRAIN_LIBRE
TERRAIN_LIBRE
TERRAIN_LIBRE
# l14
TERRAIN_LIBRE
TERRAIN_LIBRE
TERRAIN_LIBRE
TERRAIN_LIBRE
TERRAIN_LIBRE
TERRAIN_LIBRE
TERRAIN_LIBRE
TERRAIN_LIBRE
EAU
TERRAIN_LIBRE
TERRAIN_LIBRE
TERRAIN_LIBRE
TERRAIN_LIBRE
EAU
EAU
TERRAIN_LIBRE
TERRAIN_LIBRE
TERRAIN_LIBRE
TERRAIN_LIBRE
TERRAIN_LIBRE
TERRAIN_LIBRE
TERRAIN_LIBRE
TERRAIN_LIBRE
TERRAIN_LIBRE
TERRAIN_LIBRE
TERRAIN_LIBRE
TERRAIN_LIBRE
TERRAIN_LIBRE
TERRAIN_LIBRE
TERRAIN_LIBRE
TERRAIN_LIBRE
TERRAIN_LIBRE
TERRAIN_LIBRE
TERRAIN_LIBRE
TERRAIN_LIBRE
EAU
EAU
TERRAIN_LIBRE
TERRAIN_LIBRE
TERRAIN_LIBRE
TERRAIN_LIBRE
HABITAT
HABITAT
HABITAT
HABITAT
HABITAT
HABITAT
HABITAT
TERRAIN_LIBRE
TERRAIN_LIBRE
# l15
TERRAIN_LIBRE
TERRAIN_LIBRE
TERRAIN_LIBRE
TERRAIN_LIBRE
TERRAIN_LIBRE
TERRAIN_LIBRE
TERRAIN_LIBRE
TERRAIN_LIBRE
EAU
TERRAIN_LIBRE
TERRAIN_LIBRE
TERRAIN_LIBRE
TERRAIN_LIBRE
EAU
TERRAIN_LIBRE
TERRAIN_LIBRE
TERRAIN_LIBRE
TERRAIN_LIBRE
TERRAIN_LIBRE
TERRAIN_LIBRE
EAU
EAU
EAU
EAU
EAU
EAU
EAU
EAU
EAU
TERRAIN_LIBRE
TERRAIN_LIBRE
TERRAIN_LIBRE
TERRAIN_LIBRE
TERRAIN_LIBRE
TERRAIN_LIBRE
TERRAIN_LIBRE
EAU
TERRAIN_LIBRE
TERRAIN_LIBRE
TERRAIN_LIBRE
TERRAIN_LIBRE
TERRAIN_LIBRE
HABITAT
HABITAT
HABITAT
HABITAT
HABITAT
HABITAT
TERRAIN_LIBRE
TERRAIN_LIBRE
# l16
TERRAIN_LIBRE
TERRAIN_LIBRE
TERRAIN_LIBRE
TERRAIN_LIBRE
TERRAIN_LIBRE
TERRAIN_LIBRE
TERRAIN_LIBRE
TERRAIN_LIBRE
EAU
TERRAIN_LIBRE
TERRAIN_LIBRE
TERRAIN_LIBRE
TERRAIN_LIBRE
EAU
TERRAIN_LIBRE
TERRAIN_LIBRE
TERRAIN_LIBRE
TERRAIN_LIBRE
EAU
EAU
EAU
TERRAIN_LIBRE
TERRAIN_LIBRE
TERRAIN_LIBRE
TERRAIN_LIBRE
TERRAIN_LIBRE
TERRAIN_LIBRE
TERRAIN_LIBRE
EAU
EAU
EAU
TERRAIN_LIBRE
TERRAIN_LIBRE
TERRAIN_LIBRE
TERRAIN_LIBRE
TERRAIN_LIBRE
EAU
TERRAIN_LIBRE
TERRAIN_LIBRE
TERRAIN_LIBRE
TERRAIN_LIBRE
TERRAIN_LIBRE
TERRAIN_LIBRE
TERRAIN_LIBRE
TERRAIN_LIBRE
TERRAIN_LIBRE
TERRAIN_LIBRE
TERRAIN_LIBRE
TERRAIN_LIBRE
TERRAIN_LIBRE
# l17
TERRAIN_LIBRE
TERRAIN_LIBRE
TERRAIN_LIBRE
TERRAIN_LIBRE
TERRAIN_LIBRE
TERRAIN_LIBRE
TERRAIN_LIBRE
TERRAIN_LIBRE
EAU
TERRAIN_LIBRE
TERRAIN_LIBRE
TERRAIN_LIBRE
TERRAIN_LIBRE
EAU
TERRAIN_LIBRE
TERRAIN_LIBRE
TERRAIN_LIBRE
EAU
EAU
TERRAIN_LIBRE
TERRAIN_LIBRE
TERRAIN_LIBRE
TERRAIN_LIBRE
TERRAIN_LIBRE
TERRAIN_LIBRE
TERRAIN_LIBRE
TERRAIN_LIBRE
TERRAIN_LIBRE
TERRAIN_LIBRE
TERRAIN_LIBRE
EAU
EAU
TERRAIN_LIBRE
TERRAIN_LIBRE
TERRAIN_LIBRE
TERRAIN_LIBRE
EAU
EAU
TERRAIN_LIBRE
TERRAIN_LIBRE
TERRAIN_LIBRE
TERRAIN_LIBRE
TERRAIN_LIBRE
TERRAIN_LIBRE
TERRAIN_LIBRE
TERRAIN_LIBRE
TERRAIN_LIBRE
TERRAIN_LIBRE
TERRAIN_LIBRE
TERRAIN_LIBRE
# l18
TERRAIN_LIBRE
TERRAIN_LIBRE
TERRAIN_LIBRE
TERRAIN_LIBRE
TERRAIN_LIBRE
TERRAIN_LIBRE
TERRAIN_LIBRE
TERRAIN_LIBRE
EAU
TERRAIN_LIBRE
TERRAIN_LIBRE
TERRAIN_LIBRE
TERRAIN_LIBRE
EAU
TERRAIN_LIBRE
TERRAIN_LIBRE
TERRAIN_LIBRE
EAU
TERRAIN_LIBRE
TERRAIN_LIBRE
TERRAIN_LIBRE
TERRAIN_LIBRE
TERRAIN_LIBRE
TERRAIN_LIBRE
TERRAIN_LIBRE
TERRAIN_LIBRE
TERRAIN_LIBRE
TERRAIN_LIBRE
TERRAIN_LIBRE
TERRAIN_LIBRE
TERRAIN_LIBRE
EAU
TERRAIN_LIBRE
TERRAIN_LIBRE
TERRAIN_LIBRE
TERRAIN_LIBRE
TERRAIN_LIBRE
EAU
TERRAIN_LIBRE
TERRAIN_LIBRE
TERRAIN_LIBRE
TERRAIN_LIBRE
TERRAIN_LIBRE
TERRAIN_LIBRE
TERRAIN_LIBRE
TERRAIN_LIBRE
TERRAIN_LIBRE
TERRAIN_LIBRE
TERRAIN_LIBRE
TERRAIN_LIBRE
# l19
TERRAIN_LIBRE
TERRAIN_LIBRE
TERRAIN_LIBRE
TERRAIN_LIBRE
TERRAIN_LIBRE
TERRAIN_LIBRE
TERRAIN_LIBRE
TERRAIN_LIBRE
EAU
TERRAIN_LIBRE
TERRAIN_LIBRE
TERRAIN_LIBRE
TERRAIN_LIBRE
EAU
TERRAIN_LIBRE
TERRAIN_LIBRE
TERRAIN_LIBRE
EAU
TERRAIN_LIBRE
TERRAIN_LIBRE
TERRAIN_LIBRE
TERRAIN_LIBRE
TERRAIN_LIBRE
TERRAIN_LIBRE
TERRAIN_LIBRE
TERRAIN_LIBRE
TERRAIN_LIBRE
TERRAIN_LIBRE
TERRAIN_LIBRE
TERRAIN_LIBRE
TERRAIN_LIBRE
EAU
EAU
TERRAIN_LIBRE
TERRAIN_LIBRE
TERRAIN_LIBRE
TERRAIN_LIBRE
EAU
TERRAIN_LIBRE
TERRAIN_LIBRE
TERRAIN_LIBRE
TERRAIN_LIBRE
TERRAIN_LIBRE
TERRAIN_LIBRE
TERRAIN_LIBRE
TERRAIN_LIBRE
TERRAIN_LIBRE
TERRAIN_LIBRE
TERRAIN_LIBRE
TERRAIN_LIBRE
# l20
TERRAIN_LIBRE
TERRAIN_LIBRE
TERRAIN_LIBRE
TERRAIN_LIBRE
TERRAIN_LIBRE
TERRAIN_LIBRE
TERRAIN_LIBRE
TERRAIN_LIBRE
EAU
TERRAIN_LIBRE
TERRAIN_LIBRE
TERRAIN_LIBRE
TERRAIN_LIBRE
EAU
TERRAIN_LIBRE
TERRAIN_LIBRE
TERRAIN_LIBRE
EAU
EAU
TERRAIN_LIBRE
TERRAIN_LIBRE
TERRAIN_LIBRE
TERRAIN_LIBRE
TERRAIN_LIBRE
EAU
EAU
EAU
TERRAIN_LIBRE
TERRAIN_LIBRE
TERRAIN_LIBRE
TERRAIN_LIBRE
TERRAIN_LIBRE
EAU
TERRAIN_LIBRE
TERRAIN_LIBRE
TERRAIN_LIBRE
TERRAIN_LIBRE
EAU
TERRAIN_LIBRE
TERRAIN_LIBRE
TERRAIN_LIBRE
TERRAIN_LIBRE
TERRAIN_LIBRE
TERRAIN_LIBRE
TERRAIN_LIBRE
TERRAIN_LIBRE
TERRAIN_LIBRE
TERRAIN_LIBRE
TERRAIN_LIBRE
TERRAIN_LIBRE
# l21
TERRAIN_LIBRE
TERRAIN_LIBRE
TERRAIN_LIBRE
TERRAIN_LIBRE
TERRAIN_LIBRE
TERRAIN_LIBRE
TERRAIN_LIBRE
TERRAIN_LIBRE
EAU
TERRAIN_LIBRE
TERRAIN_LIBRE
TERRAIN_LIBRE
TERRAIN_LIBRE
EAU
TERRAIN_LIBRE
TERRAIN_LIBRE
TERRAIN_LIBRE
TERRAIN_LIBRE
EAU
TERRAIN_LIBRE
TERRAIN_LIBRE
TERRAIN_LIBRE
TERRAIN_LIBRE
EAU
EAU
EAU
EAU
TERRAIN_LIBRE
TERRAIN_LIBRE
TERRAIN_LIBRE
TERRAIN_LIBRE
TERRAIN_LIBRE
EAU
TERRAIN_LIBRE
TERRAIN_LIBRE
TERRAIN_LIBRE
TERRAIN_LIBRE
EAU
TERRAIN_LIBRE
TERRAIN_LIBRE
TERRAIN_LIBRE
TERRAIN_LIBRE
TERRAIN_LIBRE
TERRAIN_LIBRE
TERRAIN_LIBRE
TERRAIN_LIBRE
TERRAIN_LIBRE
TERRAIN_LIBRE
TERRAIN_LIBRE
TERRAIN_LIBRE
# l22
TERRAIN_LIBRE
TERRAIN_LIBRE
TERRAIN_LIBRE
TERRAIN_LIBRE
TERRAIN_LIBRE
TERRAIN_LIBRE
TERRAIN_LIBRE
TERRAIN_LIBRE
EAU
TERRAIN_LIBRE
TERRAIN_LIBRE
TERRAIN_LIBRE
TERRAIN_LIBRE
EAU
EAU
TERRAIN_LIBRE
TERRAIN_LIBRE
TERRAIN_LIBRE
EAU
TERRAIN_LIBRE
TERRAIN_LIBRE
TERRAIN_LIBRE
TERRAIN_LIBRE
EAU
EAU
EAU
EAU
TERRAIN_LIBRE
TERRAIN_LIBRE
TERRAIN_LIBRE
TERRAIN_LIBRE
TERRAIN_LIBRE
EAU
TERRAIN_LIBRE
TERRAIN_LIBRE
TERRAIN_LIBRE
TERRAIN_LIBRE
EAU
TERRAIN_LIBRE
TERRAIN_LIBRE
TERRAIN_LIBRE
TERRAIN_LIBRE
TERRAIN_LIBRE
TERRAIN_LIBRE
TERRAIN_LIBRE
TERRAIN_LIBRE
TERRAIN_LIBRE
TERRAIN_LIBRE
TERRAIN_LIBRE
TERRAIN_LIBRE
# l23
TERRAIN_LIBRE
TERRAIN_LIBRE
TERRAIN_LIBRE
TERRAIN_LIBRE
TERRAIN_LIBRE
TERRAIN_LIBRE
TERRAIN_LIBRE
TERRAIN_LIBRE
EAU
TERRAIN_LIBRE
TERRAIN_LIBRE
TERRAIN_LIBRE
TERRAIN_LIBRE
TERRAIN_LIBRE
EAU
TERRAIN_LIBRE
TERRAIN_LIBRE
TERRAIN_LIBRE
EAU
TERRAIN_LIBRE
TERRAIN_LIBRE
TERRAIN_LIBRE
TERRAIN_LIBRE
EAU
EAU
EAU
EAU
TERRAIN_LIBRE
TERRAIN_LIBRE
TERRAIN_LIBRE
TERRAIN_LIBRE
TERRAIN_LIBRE
EAU
EAU
TERRAIN_LIBRE
TERRAIN_LIBRE
EAU
EAU
TERRAIN_LIBRE
TERRAIN_LIBRE
TERRAIN_LIBRE
TERRAIN_LIBRE
TERRAIN_LIBRE
TERRAIN_LIBRE
TERRAIN_LIBRE
TERRAIN_LIBRE
TERRAIN_LIBRE
TERRAIN_LIBRE
TERRAIN_LIBRE
TERRAIN_LIBRE
# l24
TERRAIN_LIBRE
TERRAIN_LIBRE
TERRAIN_LIBRE
TERRAIN_LIBRE
TERRAIN_LIBRE
TERRAIN_LIBRE
TERRAIN_LIBRE
TERRAIN_LIBRE
EAU
TERRAIN_LIBRE
TERRAIN_LIBRE
TERRAIN_LIBRE
TERRAIN_LIBRE
TERRAIN_LIBRE
EAU
TERRAIN_LIBRE
TERRAIN_LIBRE
TERRAIN_LIBRE
EAU
TERRAIN_LIBRE
TERRAIN_LIBRE
TERRAIN_LIBRE
TERRAIN_LIBRE
TERRAIN_LIBRE
TERRAIN_LIBRE
TERRAIN_LIBRE
EAU
TERRAIN_LIBRE
TERRAIN_LIBRE
TERRAIN_LIBRE
TERRAIN_LIBRE
TERRAIN_LIBRE
TERRAIN_LIBRE
EAU
TERRAIN_LIBRE
TERRAIN_LIBRE
EAU
TERRAIN_LIBRE
TERRAIN_LIBRE
TERRAIN_LIBRE
TERRAIN_LIBRE
TERRAIN_LIBRE
TERRAIN_LIBRE
HABITAT
HABITAT
TERRAIN_LIBRE
TERRAIN_LIBRE
TERRAIN_LIBRE
TERRAIN_LIBRE
TERRAIN_LIBRE
# l25
TERRAIN_LIBRE
TERRAIN_LIBRE
TERRAIN_LIBRE
TERRAIN_LIBRE
TERRAIN_LIBRE
TERRAIN_LIBRE
TERRAIN_LIBRE
TERRAIN_LIBRE
EAU
TERRAIN_LIBRE
TERRAIN_LIBRE
TERRAIN_LIBRE
TERRAIN_LIBRE
TERRAIN_LIBRE
EAU
TERRAIN_LIBRE
TERRAIN_LIBRE
TERRAIN_LIBRE
EAU
EAU
TERRAIN_LIBRE
TERRAIN_LIBRE
TERRAIN_LIBRE
TERRAIN_LIBRE
TERRAIN_LIBRE
TERRAIN_LIBRE
EAU
EAU
TERRAIN_LIBRE
TERRAIN_LIBRE
TERRAIN_LIBRE
TERRAIN_LIBRE
TERRAIN_LIBRE
EAU
TERRAIN_LIBRE
TERRAIN_LIBRE
EAU
TERRAIN_LIBRE
TERRAIN_LIBRE
TERRAIN_LIBRE
TERRAIN_LIBRE
TERRAIN_LIBRE
HABITAT
HABITAT
HABITAT
HABITAT
TERRAIN_LIBRE
TERRAIN_LIBRE
TERRAIN_LIBRE
TERRAIN_LIBRE
# l26
TERRAIN_LIBRE
TERRAIN_LIBRE
TERRAIN_LIBRE
TERRAIN_LIBRE
TERRAIN_LIBRE
TERRAIN_LIBRE
TERRAIN_LIBRE
TERRAIN_LIBRE
EAU
TERRAIN_LIBRE
TERRAIN_LIBRE
TERRAIN_LIBRE
TERRAIN_LIBRE
TERRAIN_LIBRE
EAU
EAU
TERRAIN_LIBRE
TERRAIN_LIBRE
TERRAIN_LIBRE
EAU
EAU
TERRAIN_LIBRE
TERRAIN_LIBRE
TERRAIN_LIBRE
TERRAIN_LIBRE
TERRAIN_LIBRE
TERRAIN_LIBRE
EAU
TERRAIN_LIBRE
TERRAIN_LIBRE
TERRAIN_LIBRE
TERRAIN_LIBRE
TERRAIN_LIBRE
EAU
TERRAIN_LIBRE
TERRAIN_LIBRE
EAU
TERRAIN_LIBRE
TERRAIN_LIBRE
TERRAIN_LIBRE
TERRAIN_LIBRE
TERRAIN_LIBRE
HABITAT
HABITAT
HABITAT
HABITAT
HABITAT
TERRAIN_LIBRE
TERRAIN_LIBRE
TERRAIN_LIBRE
# l27
TERRAIN_LIBRE
TERRAIN_LIBRE
TERRAIN_LIBRE
TERRAIN_LIBRE
TERRAIN_LIBRE
TERRAIN_LIBRE
TERRAIN_LIBRE
TERRAIN_LIBRE
EAU
EAU
TERRAIN_LIBRE
TERRAIN_LIBRE
TERRAIN_LIBRE
TERRAIN_LIBRE
TERRAIN_LIBRE
EAU
TERRAIN_LIBRE
TERRAIN_LIBRE
TERRAIN_LIBRE
TERRAIN_LIBRE
EAU
TERRAIN_LIBRE
TERRAIN_LIBRE
TERRAIN_LIBRE
TERRAIN_LIBRE
TERRAIN_LIBRE
TERRAIN_LIBRE
EAU
TERRAIN_LIBRE
TERRAIN_LIBRE
TERRAIN_LIBRE
TERRAIN_LIBRE
TERRAIN_LIBRE
EAU
TERRAIN_LIBRE
TERRAIN_LIBRE
EAU
TERRAIN_LIBRE
TERRAIN_LIBRE
TERRAIN_LIBRE
TERRAIN_LIBRE
TERRAIN_LIBRE
HABITAT
HABITAT
HABITAT
HABITAT
HABITAT
HABITAT
TERRAIN_LIBRE
TERRAIN_LIBRE
# l28
TERRAIN_LIBRE
TERRAIN_LIBRE
TERRAIN_LIBRE
TERRAIN_LIBRE
TERRAIN_LIBRE
TERRAIN_LIBRE
TERRAIN_LIBRE
TERRAIN_LIBRE
TERRAIN_LIBRE
EAU
TERRAIN_LIBRE
TERRAIN_LIBRE
TERRAIN_LIBRE
TERRAIN_LIBRE
TERRAIN_LIBRE
EAU
EAU
TERRAIN_LIBRE
TERRAIN_LIBRE
TERRAIN_LIBRE
EAU
EAU
EAU
EAU
TERRAIN_LIBRE
TERRAIN_LIBRE
TERRAIN_LIBRE
EAU
TERRAIN_LIBRE
TERRAIN_LIBRE
TERRAIN_LIBRE
TERRAIN_LIBRE
TERRAIN_LIBRE
EAU
TERRAIN_LIBRE
TERRAIN_LIBRE
EAU
TERRAIN_LIBRE
TERRAIN_LIBRE
TERRAIN_LIBRE
TERRAIN_LIBRE
TERRAIN_LIBRE
HABITAT
HABITAT
HABITAT
HABITAT
HABITAT
HABITAT
TERRAIN_LIBRE
TERRAIN_LIBRE
# l29
TERRAIN_LIBRE
TERRAIN_LIBRE
TERRAIN_LIBRE
TERRAIN_LIBRE
TERRAIN_LIBRE
TERRAIN_LIBRE
TERRAIN_LIBRE
TERRAIN_LIBRE
TERRAIN_LIBRE
EAU
TERRAIN_LIBRE
TERRAIN_LIBRE
TERRAIN_LIBRE
TERRAIN_LIBRE
TERRAIN_LIBRE
TERRAIN_LIBRE
EAU
TERRAIN_LIBRE
TERRAIN_LIBRE
TERRAIN_LIBRE
TERRAIN_LIBRE
EAU
EAU
EAU
TERRAIN_LIBRE
TERRAIN_LIBRE
TERRAIN_LIBRE
EAU
TERRAIN_LIBRE
TERRAIN_LIBRE
TERRAIN_LIBRE
TERRAIN_LIBRE
EAU
TERRAIN_LIBRE
TERRAIN_LIBRE
TERRAIN_LIBRE
EAU
TERRAIN_LIBRE
TERRAIN_LIBRE
TERRAIN_LIBRE
TERRAIN_LIBRE
TERRAIN_LIBRE
HABITAT
HABITAT
HABITAT
HABITAT
HABITAT
HABITAT
HABITAT
TERRAIN_LIBRE
# l30
TERRAIN_LIBRE
TERRAIN_LIBRE
TERRAIN_LIBRE
TERRAIN_LIBRE
TERRAIN_LIBRE
TERRAIN_LIBRE
TERRAIN_LIBRE
TERRAIN_LIBRE
TERRAIN_LIBRE
EAU
EAU
EAU
TERRAIN_LIBRE
TERRAIN_LIBRE
TERRAIN_LIBRE
TERRAIN_LIBRE
EAU
EAU
TERRAIN_LIBRE
TERRAIN_LIBRE
TERRAIN_LIBRE
TERRAIN_LIBRE
EAU
TERRAIN_LIBRE
TERRAIN_LIBRE
TERRAIN_LIBRE
TERRAIN_LIBRE
EAU
TERRAIN_LIBRE
TERRAIN_LIBRE
TERRAIN_LIBRE
TERRAIN_LIBRE
EAU
TERRAIN_LIBRE
TERRAIN_LIBRE
TERRAIN_LIBRE
EAU
TERRAIN_LIBRE
TERRAIN_LIBRE
TERRAIN_LIBRE
TERRAIN_LIBRE
TERRAIN_LIBRE
HABITAT
HABITAT
HABITAT
HABITAT
HABITAT
HABITAT
HABITAT
TERRAIN_LIBRE
# l31
TERRAIN_LIBRE
TERRAIN_LIBRE
TERRAIN_LIBRE
TERRAIN_LIBRE
TERRAIN_LIBRE
TERRAIN_LIBRE
TERRAIN_LIBRE
TERRAIN_LIBRE
TERRAIN_LIBRE
TERRAIN_LIBRE
TERRAIN_LIBRE
EAU
TERRAIN_LIBRE
TERRAIN_LIBRE
TERRAIN_LIBRE
TERRAIN_LIBRE
TERRAIN_LIBRE
EAU
EAU
TERRAIN_LIBRE
TERRAIN_LIBRE
TERRAIN_LIBRE
TERRAIN_LIBRE
TERRAIN_LIBRE
TERRAIN_LIBRE
EAU
EAU
EAU
TERRAIN_LIBRE
TERRAIN_LIBRE
TERRAIN_LIBRE
TERRAIN_LIBRE
EAU
TERRAIN_LIBRE
TERRAIN_LIBRE
TERRAIN_LIBRE
EAU
TERRAIN_LIBRE
TERRAIN_LIBRE
TERRAIN_LIBRE
TERRAIN_LIBRE
TERRAIN_LIBRE
HABITAT
HABITAT
HABITAT
HABITAT
HABITAT
HABITAT
HABITAT
TERRAIN_LIBRE
# l32
TERRAIN_LIBRE
TERRAIN_LIBRE
TERRAIN_LIBRE
TERRAIN_LIBRE
TERRAIN_LIBRE
TERRAIN_LIBRE
TERRAIN_LIBRE
TERRAIN_LIBRE
TERRAIN_LIBRE
TERRAIN_LIBRE
TERRAIN_LIBRE
EAU
EAU
EAU
TERRAIN_LIBRE
TERRAIN_LIBRE
TERRAIN_LIBRE
TERRAIN_LIBRE
EAU
EAU
TERRAIN_LIBRE
TERRAIN_LIBRE
TERRAIN_LIBRE
EAU
EAU
EAU
TERRAIN_LIBRE
TERRAIN_LIBRE
TERRAIN_LIBRE
TERRAIN_LIBRE
TERRAIN_LIBRE
EAU
EAU
TERRAIN_LIBRE
TERRAIN_LIBRE
TERRAIN_LIBRE
EAU
TERRAIN_LIBRE
TERRAIN_LIBRE
TERRAIN_LIBRE
TERRAIN_LIBRE
TERRAIN_LIBRE
TERRAIN_LIBRE
HABITAT
HABITAT
HABITAT
HABITAT
HABITAT
HABITAT
TERRAIN_LIBRE
# l33
TERRAIN_LIBRE
TERRAIN_LIBRE
TERRAIN_LIBRE
TERRAIN_LIBRE
TERRAIN_LIBRE
TERRAIN_LIBRE
TERRAIN_LIBRE
TERRAIN_LIBRE
TERRAIN_LIBRE
TERRAIN_LIBRE
TERRAIN_LIBRE
TERRAIN_LIBRE
TERRAIN_LIBRE
EAU
EAU
EAU
TERRAIN_LIBRE
TERRAIN_LIBRE
TERRAIN_LIBRE
EAU
EAU
EAU
EAU
EAU
TERRAIN_LIBRE
TERRAIN_LIBRE
TERRAIN_LIBRE
TERRAIN_LIBRE
TERRAIN_LIBRE
TERRAIN_LIBRE
TERRAIN_LIBRE
EAU
TERRAIN_LIBRE
TERRAIN_LIBRE
TERRAIN_LIBRE
TERRAIN_LIBRE
EAU
TERRAIN_LIBRE
TERRAIN_LIBRE
TERRAIN_LIBRE
TERRAIN_LIBRE
TERRAIN_LIBRE
TERRAIN_LIBRE
HABITAT
HABITAT
HABITAT
HABITAT
HABITAT
HABITAT
TERRAIN_LIBRE
# l34
TERRAIN_LIBRE
TERRAIN_LIBRE
TERRAIN_LIBRE
TERRAIN_LIBRE
TERRAIN_LIBRE
TERRAIN_LIBRE
TERRAIN_LIBRE
TERRAIN_LIBRE
TERRAIN_LIBRE
TERRAIN_LIBRE
TERRAIN_LIBRE
TERRAIN_LIBRE
TERRAIN_LIBRE
TERRAIN_LIBRE
TERRAIN_LIBRE
EAU
EAU
TERRAIN_LIBRE
TERRAIN_LIBRE
TERRAIN_LIBRE
TERRAIN_LIBRE
TERRAIN_LIBRE
TERRAIN_LIBRE
TERRAIN_LIBRE
TERRAIN_LIBRE
TERRAIN_LIBRE
TERRAIN_LIBRE
TERRAIN_LIBRE
TERRAIN_LIBRE
TERRAIN_LIBRE
EAU
EAU
TERRAIN_LIBRE
TERRAIN_LIBRE
TERRAIN_LIBRE
TERRAIN_LIBRE
EAU
TERRAIN_LIBRE
TERRAIN_LIBRE
TERRAIN_LIBRE
TERRAIN_LIBRE
TERRAIN_LIBRE
TERRAIN_LIBRE
TERRAIN_LIBRE
TERRAIN_LIBRE
HABITAT
HABITAT
HABITAT
TERRAIN_LIBRE
TERRAIN_LIBRE
# l35
TERRAIN_LIBRE
TERRAIN_LIBRE
TERRAIN_LIBRE
TERRAIN_LIBRE
TERRAIN_LIBRE
TERRAIN_LIBRE
TERRAIN_LIBRE
TERRAIN_LIBRE
TERRAIN_LIBRE
TERRAIN_LIBRE
TERRAIN_LIBRE
TERRAIN_LIBRE
TERRAIN_LIBRE
TERRAIN_LIBRE
TERRAIN_LIBRE
TERRAIN_LIBRE
EAU
EAU
EAU
TERRAIN_LIBRE
TERRAIN_LIBRE
TERRAIN_LIBRE
TERRAIN_LIBRE
TERRAIN_LIBRE
TERRAIN_LIBRE
TERRAIN_LIBRE
TERRAIN_LIBRE
TERRAIN_LIBRE
TERRAIN_LIBRE
EAU
EAU
TERRAIN_LIBRE
TERRAIN_LIBRE
TERRAIN_LIBRE
TERRAIN_LIBRE
TERRAIN_LIBRE
EAU
TERRAIN_LIBRE
TERRAIN_LIBRE
TERRAIN_LIBRE
TERRAIN_LIBRE
TERRAIN_LIBRE
TERRAIN_LIBRE
TERRAIN_LIBRE
TERRAIN_LIBRE
HABITAT
HABITAT
HABITAT
TERRAIN_LIBRE
TERRAIN_LIBRE
# l36
TERRAIN_LIBRE
TERRAIN_LIBRE
TERRAIN_LIBRE
TERRAIN_LIBRE
TERRAIN_LIBRE
TERRAIN_LIBRE
TERRAIN_LIBRE
TERRAIN_LIBRE
TERRAIN_LIBRE
TERRAIN_LIBRE
TERRAIN_LIBRE
TERRAIN_LIBRE
TERRAIN_LIBRE
TERRAIN_LIBRE
TERRAIN_LIBRE
TERRAIN_LIBRE
TERRAIN_LIBRE
TERRAIN_LIBRE
EAU
EAU
EAU
TERRAIN_LIBRE
TERRAIN_LIBRE
TERRAIN_LIBRE
TERRAIN_LIBRE
TERRAIN_LIBRE
TERRAIN_LIBRE
EAU
EAU
EAU
TERRAIN_LIBRE
TERRAIN_LIBRE
TERRAIN_LIBRE
TERRAIN_LIBRE
TERRAIN_LIBRE
TERRAIN_LIBRE
EAU
EAU
TERRAIN_LIBRE
TERRAIN_LIBRE
TERRAIN_LIBRE
TERRAIN_LIBRE
TERRAIN_LIBRE
TERRAIN_LIBRE
TERRAIN_LIBRE
HABITAT
HABITAT
TERRAIN_LIBRE
TERRAIN_LIBRE
TERRAIN_LIBRE
# l37
TERRAIN_LIBRE
TERRAIN_LIBRE
TERRAIN_LIBRE
TERRAIN_LIBRE
TERRAIN_LIBRE
TERRAIN_LIBRE
TERRAIN_LIBRE
TERRAIN_LIBRE
HABITAT
HABITAT
TERRAIN_LIBRE
HABITAT
HABITAT
HABITAT
TERRAIN_LIBRE
TERRAIN_LIBRE
TERRAIN_LIBRE
TERRAIN_LIBRE
TERRAIN_LIBRE
TERRAIN_LIBRE
EAU
EAU
EAU
EAU
EAU
EAU
EAU
EAU
TERRAIN_LIBRE
TERRAIN_LIBRE
TERRAIN_LIBRE
TERRAIN_LIBRE
TERRAIN_LIBRE
TERRAIN_LIBRE
TERRAIN_LIBRE
TERRAIN_LIBRE
TERRAIN_LIBRE
EAU
TERRAIN_LIBRE
TERRAIN_LIBRE
TERRAIN_LIBRE
TERRAIN_LIBRE
TERRAIN_LIBRE
TERRAIN_LIBRE
TERRAIN_LIBRE
TERRAIN_LIBRE
TERRAIN_LIBRE
TERRAIN_LIBRE
TERRAIN_LIBRE
TERRAIN_LIBRE
# l38
TERRAIN_LIBRE
TERRAIN_LIBRE
TERRAIN_LIBRE
TERRAIN_LIBRE
TERRAIN_LIBRE
TERRAIN_LIBRE
TERRAIN_LIBRE
HABITAT
HABITAT
HABITAT
HABITAT
HABITAT
HABITAT
HABITAT
HABITAT
HABITAT
HABITAT
TERRAIN_LIBRE
TERRAIN_LIBRE
TERRAIN_LIBRE
TERRAIN_LIBRE
TERRAIN_LIBRE
TERRAIN_LIBRE
TERRAIN_LIBRE
TERRAIN_LIBRE
TERRAIN_LIBRE
TERRAIN_LIBRE
TERRAIN_LIBRE
TERRAIN_LIBRE
TERRAIN_LIBRE
TERRAIN_LIBRE
TERRAIN_LIBRE
TERRAIN_LIBRE
TERRAIN_LIBRE
TERRAIN_LIBRE
TERRAIN_LIBRE
TERRAIN_LIBRE
EAU
TERRAIN_LIBRE
TERRAIN_LIBRE
TERRAIN_LIBRE
TERRAIN_LIBRE
TERRAIN_LIBRE
TERRAIN_LIBRE
TERRAIN_LIBRE
TERRAIN_LIBRE
TERRAIN_LIBRE
TERRAIN_LIBRE
TERRAIN_LIBRE
TERRAIN_LIBRE
# l39
TERRAIN_LIBRE
TERRAIN_LIBRE
TERRAIN_LIBRE
TERRAIN_LIBRE
TERRAIN_LIBRE
TERRAIN_LIBRE
TERRAIN_LIBRE
HABITAT
HABITAT
HABITAT
HABITAT
HABITAT
HABITAT
HABITAT
HABITAT
HABITAT
HABITAT
HABITAT
TERRAIN_LIBRE
TERRAIN_LIBRE
TERRAIN_LIBRE
TERRAIN_LIBRE
TERRAIN_LIBRE
TERRAIN_LIBRE
TERRAIN_LIBRE
TERRAIN_LIBRE
TERRAIN_LIBRE
TERRAIN_LIBRE
TERRAIN_LIBRE
TERRAIN_LIBRE
TERRAIN_LIBRE
TERRAIN_LIBRE
TERRAIN_LIBRE
TERRAIN_LIBRE
TERRAIN_LIBRE
TERRAIN_LIBRE
TERRAIN_LIBRE
EAU
EAU
TERRAIN_LIBRE
TERRAIN_LIBRE
TERRAIN_LIBRE
TERRAIN_LIBRE
TERRAIN_LIBRE
TERRAIN_LIBRE
TERRAIN_LIBRE
TERRAIN_LIBRE
TERRAIN_LIBRE
TERRAIN_LIBRE
TERRAIN_LIBRE
# l40
TERRAIN_LIBRE
TERRAIN_LIBRE
TERRAIN_LIBRE
TERRAIN_LIBRE
TERRAIN_LIBRE
TERRAIN_LIBRE
TERRAIN_LIBRE
HABITAT
HABITAT
HABITAT
HABITAT
HABITAT
HABITAT
HABITAT
HABITAT
HABITAT
HABITAT
HABITAT
HABITAT
TERRAIN_LIBRE
TERRAIN_LIBRE
TERRAIN_LIBRE
TERRAIN_LIBRE
TERRAIN_LIBRE
TERRAIN_LIBRE
TERRAIN_LIBRE
TERRAIN_LIBRE
TERRAIN_LIBRE
TERRAIN_LIBRE
TERRAIN_LIBRE
TERRAIN_LIBRE
TERRAIN_LIBRE
TERRAIN_LIBRE
TERRAIN_LIBRE
TERRAIN_LIBRE
TERRAIN_LIBRE
TERRAIN_LIBRE
TERRAIN_LIBRE
EAU
EAU
EAU
TERRAIN_LIBRE
TERRAIN_LIBRE
TERRAIN_LIBRE
TERRAIN_LIBRE
TERRAIN_LIBRE
TERRAIN_LIBRE
TERRAIN_LIBRE
TERRAIN_LIBRE
TERRAIN_LIBRE
# l41
TERRAIN_LIBRE
TERRAIN_LIBRE
TERRAIN_LIBRE
TERRAIN_LIBRE
TERRAIN_LIBRE
TERRAIN_LIBRE
TERRAIN_LIBRE
TERRAIN_LIBRE
HABITAT
HABITAT
HABITAT
HABITAT
HABITAT
HABITAT
HABITAT
HABITAT
HABITAT
HABITAT
HABITAT
TERRAIN_LIBRE
TERRAIN_LIBRE
TERRAIN_LIBRE
TERRAIN_LIBRE
TERRAIN_LIBRE
TERRAIN_LIBRE
TERRAIN_LIBRE
TERRAIN_LIBRE
TERRAIN_LIBRE
TERRAIN_LIBRE
TERRAIN_LIBRE
TERRAIN_LIBRE
TERRAIN_LIBRE
TERRAIN_LIBRE
TERRAIN_LIBRE
TERRAIN_LIBRE
TERRAIN_LIBRE
TERRAIN_LIBRE
TERRAIN_LIBRE
TERRAIN_LIBRE
TERRAIN_LIBRE
EAU
EAU
TERRAIN_LIBRE
TERRAIN_LIBRE
TERRAIN_LIBRE
TERRAIN_LIBRE
TERRAIN_LIBRE
TERRAIN_LIBRE
TERRAIN_LIBRE
TERRAIN_LIBRE
# l42
TERRAIN_LIBRE
TERRAIN_LIBRE
TERRAIN_LIBRE
TERRAIN_LIBRE
TERRAIN_LIBRE
TERRAIN_LIBRE
TERRAIN_LIBRE
TERRAIN_LIBRE
HABITAT
HABITAT
HABITAT
HABITAT
HABITAT
HABITAT
HABITAT
HABITAT
HABITAT
HABITAT
HABITAT
TERRAIN_LIBRE
TERRAIN_LIBRE
TERRAIN_LIBRE
TERRAIN_LIBRE
TERRAIN_LIBRE
TERRAIN_LIBRE
TERRAIN_LIBRE
TERRAIN_LIBRE
TERRAIN_LIBRE
TERRAIN_LIBRE
TERRAIN_LIBRE
TERRAIN_LIBRE
TERRAIN_LIBRE
TERRAIN_LIBRE
HABITAT
HABITAT
HABITAT
TERRAIN_LIBRE
TERRAIN_LIBRE
TERRAIN_LIBRE
TERRAIN_LIBRE
TERRAIN_LIBRE
EAU
TERRAIN_LIBRE
TERRAIN_LIBRE
TERRAIN_LIBRE
TERRAIN_LIBRE
TERRAIN_LIBRE
TERRAIN_LIBRE
TERRAIN_LIBRE
TERRAIN_LIBRE
# l43
TERRAIN_LIBRE
TERRAIN_LIBRE
TERRAIN_LIBRE
TERRAIN_LIBRE
TERRAIN_LIBRE
TERRAIN_LIBRE
TERRAIN_LIBRE
TERRAIN_LIBRE
HABITAT
HABITAT
HABITAT
HABITAT
HABITAT
HABITAT
HABITAT
HABITAT
HABITAT
HABITAT
HABITAT
HABITAT
HABITAT
TERRAIN_LIBRE
TERRAIN_LIBRE
TERRAIN_LIBRE
TERRAIN_LIBRE
TERRAIN_LIBRE
TERRAIN_LIBRE
TERRAIN_LIBRE
TERRAIN_LIBRE
TERRAIN_LIBRE
TERRAIN_LIBRE
TERRAIN_LIBRE
HABITAT
HABITAT
HABITAT
HABITAT
HABITAT
TERRAIN_LIBRE
TERRAIN_LIBRE
TERRAIN_LIBRE
TERRAIN_LIBRE
EAU
EAU
TERRAIN_LIBRE
TERRAIN_LIBRE
TERRAIN_LIBRE
TERRAIN_LIBRE
TERRAIN_LIBRE
TERRAIN_LIBRE
TERRAIN_LIBRE
# l44
TERRAIN_LIBRE
TERRAIN_LIBRE
TERRAIN_LIBRE
TERRAIN_LIBRE
TERRAIN_LIBRE
TERRAIN_LIBRE
TERRAIN_LIBRE
TERRAIN_LIBRE
TERRAIN_LIBRE
HABITAT
HABITAT
HABITAT
HABITAT
HABITAT
HABITAT
HABITAT
HABITAT
HABITAT
HABITAT
HABITAT
HABITAT
TERRAIN_LIBRE
TERRAIN_LIBRE
TERRAIN_LIBRE
TERRAIN_LIBRE
TERRAIN_LIBRE
TERRAIN_LIBRE
TERRAIN_LIBRE
TERRAIN_LIBRE
TERRAIN_LIBRE
TERRAIN_LIBRE
TERRAIN_LIBRE
HABITAT
HABITAT
HABITAT
HABITAT
HABITAT
TERRAIN_LIBRE
TERRAIN_LIBRE
TERRAIN_LIBRE
TERRAIN_LIBRE
TERRAIN_LIBRE
EAU
EAU
EAU
TERRAIN_LIBRE
TERRAIN_LIBRE
TERRAIN_LIBRE
TERRAIN_LIBRE
TERRAIN_LIBRE
# l45
TERRAIN_LIBRE
TERRAIN_LIBRE
TERRAIN_LIBRE
TERRAIN_LIBRE
TERRAIN_LIBRE
TERRAIN_LIBRE
TERRAIN_LIBRE
TERRAIN_LIBRE
TERRAIN_LIBRE
HABITAT
TERRAIN_LIBRE
HABITAT
HABITAT
HABITAT
HABITAT
HABITAT
HABITAT
HABITAT
HABITAT
HABITAT
TERRAIN_LIBRE
TERRAIN_LIBRE
TERRAIN_LIBRE
TERRAIN_LIBRE
TERRAIN_LIBRE
TERRAIN_LIBRE
TERRAIN_LIBRE
TERRAIN_LIBRE
TERRAIN_LIBRE
TERRAIN_LIBRE
TERRAIN_LIBRE
TERRAIN_LIBRE
HABITAT
HABITAT
HABITAT
HABITAT
HABITAT
TERRAIN_LIBRE
TERRAIN_LIBRE
TERRAIN_LIBRE
TERRAIN_LIBRE
TERRAIN_LIBRE
TERRAIN_LIBRE
TERRAIN_LIBRE
EAU
EAU
TERRAIN_LIBRE
TERRAIN_LIBRE
TERRAIN_LIBRE
TERRAIN_LIBRE
# l46
TERRAIN_LIBRE
TERRAIN_LIBRE
TERRAIN_LIBRE
TERRAIN_LIBRE
TERRAIN_LIBRE
TERRAIN_LIBRE
TERRAIN_LIBRE
TERRAIN_LIBRE
TERRAIN_LIBRE
TERRAIN_LIBRE
TERRAIN_LIBRE
HABITAT
HABITAT
TERRAIN_LIBRE
HABITAT
HABITAT
HABITAT
TERRAIN_LIBRE
TERRAIN_LIBRE
TERRAIN_LIBRE
TERRAIN_LIBRE
TERRAIN_LIBRE
TERRAIN_LIBRE
TERRAIN_LIBRE
TERRAIN_LIBRE
TERRAIN_LIBRE
TERRAIN_LIBRE
TERRAIN_LIBRE
TERRAIN_LIBRE
TERRAIN_LIBRE
TERRAIN_LIBRE
TERRAIN_LIBRE
HABITAT
HABITAT
HABITAT
HABITAT
HABITAT
HABITAT
TERRAIN_LIBRE
TERRAIN_LIBRE
TERRAIN_LIBRE
TERRAIN_LIBRE
TERRAIN_LIBRE
TERRAIN_LIBRE
TERRAIN_LIBRE
EAU
EAU
TERRAIN_LIBRE
TERRAIN_LIBRE
TERRAIN_LIBRE
# l47
TERRAIN_LIBRE
TERRAIN_LIBRE
TERRAIN_LIBRE
TERRAIN_LIBRE
TERRAIN_LIBRE
TERRAIN_LIBRE
TERRAIN_LIBRE
TERRAIN_LIBRE
TERRAIN_LIBRE
TERRAIN_LIBRE
TERRAIN_LIBRE
TERRAIN_LIBRE
TERRAIN_LIBRE
TERRAIN_LIBRE
TERRAIN_LIBRE
TERRAIN_LIBRE
TERRAIN_LIBRE
TERRAIN_LIBRE
TERRAIN_LIBRE
TERRAIN_LIBRE
TERRAIN_LIBRE
TERRAIN_LIBRE
TERRAIN_LIBRE
TERRAIN_LIBRE
TERRAIN_LIBRE
TERRAIN_LIBRE
TERRAIN_LIBRE
TERRAIN_LIBRE
TERRAIN_LIBRE
TERRAIN_LIBRE
TERRAIN_LIBRE
TERRAIN_LIBRE
HABITAT
HABITAT
HABITAT
HABITAT
HABITAT
TERRAIN_LIBRE
TERRAIN_LIBRE
TERRAIN_LIBRE
TERRAIN_LIBRE
TERRAIN_LIBRE
TERRAIN_LIBRE
TERRAIN_LIBRE
TERRAIN_LIBRE
TERRAIN_LIBRE
EAU
EAU
EAU
TERRAIN_LIBRE
# l48
TERRAIN_LIBRE
TERRAIN_LIBRE
TERRAIN_LIBRE
TERRAIN_LIBRE
TERRAIN_LIBRE
TERRAIN_LIBRE
TERRAIN_LIBRE
TERRAIN_LIBRE
TERRAIN_LIBRE
TERRAIN_LIBRE
TERRAIN_LIBRE
TERRAIN_LIBRE
TERRAIN_LIBRE
TERRAIN_LIBRE
TERRAIN_LIBRE
TERRAIN_LIBRE
TERRAIN_LIBRE
TERRAIN_LIBRE
TERRAIN_LIBRE
TERRAIN_LIBRE
TERRAIN_LIBRE
TERRAIN_LIBRE
TERRAIN_LIBRE
TERRAIN_LIBRE
TERRAIN_LIBRE
TERRAIN_LIBRE
TERRAIN_LIBRE
TERRAIN_LIBRE
TERRAIN_LIBRE
TERRAIN_LIBRE
TERRAIN_LIBRE
TERRAIN_LIBRE
HABITAT
HABITAT
HABITAT
HABITAT
HABITAT
HABITAT
TERRAIN_LIBRE
TERRAIN_LIBRE
TERRAIN_LIBRE
TERRAIN_LIBRE
TERRAIN_LIBRE
TERRAIN_LIBRE
TERRAIN_LIBRE
TERRAIN_LIBRE
TERRAIN_LIBRE
TERRAIN_LIBRE
EAU
EAU
# l49
TERRAIN_LIBRE
TERRAIN_LIBRE
TERRAIN_LIBRE
TERRAIN_LIBRE
TERRAIN_LIBRE
TERRAIN_LIBRE
TERRAIN_LIBRE
TERRAIN_LIBRE
TERRAIN_LIBRE
TERRAIN_LIBRE
TERRAIN_LIBRE
TERRAIN_LIBRE
TERRAIN_LIBRE
TERRAIN_LIBRE
TERRAIN_LIBRE
TERRAIN_LIBRE
TERRAIN_LIBRE
TERRAIN_LIBRE
TERRAIN_LIBRE
TERRAIN_LIBRE
TERRAIN_LIBRE
TERRAIN_LIBRE
TERRAIN_LIBRE
TERRAIN_LIBRE
TERRAIN_LIBRE
TERRAIN_LIBRE
TERRAIN_LIBRE
TERRAIN_LIBRE
TERRAIN_LIBRE
TERRAIN_LIBRE
TERRAIN_LIBRE
TERRAIN_LIBRE
HABITAT
HABITAT
HABITAT
TERRAIN_LIBRE
TERRAIN_LIBRE
TERRAIN_LIBRE
TERRAIN_LIBRE
TERRAIN_LIBRE
TERRAIN_LIBRE
TERRAIN_LIBRE
TERRAIN_LIBRE
TERRAIN_LIBRE
TERRAIN_LIBRE
TERRAIN_LIBRE
TERRAIN_LIBRE
TERRAIN_LIBRE
TERRAIN_LIBRE
EAU

# Incendies
28
0 43 4000
0 44 10000
0 45 20000
0 46 20000
0 47 20000
0 48 20000
1 43 4000
1 44 4000
1 45 20000
1 46 20000
1 47 20000
1 48 20000
1 49 20000
2 44 10000
2 45 10000
2 46 10000
2 47 20000
2 48 20000
2 49 20000
3 45 10000
3 46 10000
3 47 20000
3 48 4000
4 45 10000
4 46 10000
4 47 10000
4 48 4000
4 49 4000

# Robots
3
8 3 ROUES
48 25 CHENILLES
48 44 PATTES

